AR display behavioral "C:/Users/KAT091.ADF/Desktop/stage 3/display.vhd" sub00/vhpl01 1291838386
EN display NULL "C:/Users/KAT091.ADF/Desktop/stage 3/display.vhd" sub00/vhpl00 1291838385
EN assign NULL "C:/Users/KAT091.ADF/Desktop/stage 3/assign.vhd" sub00/vhpl02 1291838387
AR assign behavioral "C:/Users/KAT091.ADF/Desktop/stage 3/assign.vhd" sub00/vhpl03 1291838388
