AR display behavioral "C:/Users/KAT091.ADF/Desktop/stage 4/display.vhd" sub00/vhpl01 1291835374
EN display NULL "C:/Users/KAT091.ADF/Desktop/stage 4/display.vhd" sub00/vhpl00 1291835373
EN assign NULL "C:/Users/KAT091.ADF/Desktop/stage 4/assign.vhd" sub00/vhpl02 1291835375
AR assign behavioral "C:/Users/KAT091.ADF/Desktop/stage 4/assign.vhd" sub00/vhpl03 1291835376
