AR display behavioral "C:/Users/KAT091/Desktop/stage 1/display.vhd" sub00/vhpl01 1291815482
EN display NULL "C:/Users/KAT091/Desktop/stage 1/display.vhd" sub00/vhpl00 1291815481
EN assign NULL "C:/Users/KAT091/Desktop/stage 1/assign.vhd" sub00/vhpl02 1291815483
AR assign behavioral "C:/Users/KAT091/Desktop/stage 1/assign.vhd" sub00/vhpl03 1291815484
