AR display behavioral "C:/Users/KAT091.ADF/Desktop/stage 4 GENERIC/display.vhd" sub00/vhpl01 1291837108
EN display NULL "C:/Users/KAT091.ADF/Desktop/stage 4 GENERIC/display.vhd" sub00/vhpl00 1291837107
EN assign NULL "C:/Users/KAT091.ADF/Desktop/stage 4 GENERIC/assign.vhd" sub00/vhpl02 1291837109
AR assign behavioral "C:/Users/KAT091.ADF/Desktop/stage 4 GENERIC/assign.vhd" sub00/vhpl03 1291837110
